🍹 Building a mixed python/rust project
🔗 Found pyo3 bindings with abi3 support
🐍 Found CPython 3.14 at /home/theta-gamma/thetadata-bench/venv-dx/bin/python
📡 Using build options features from pyproject.toml
Ignoring pandas: markers 'extra == "all"' don't match your environment
Ignoring polars: markers 'extra == "all"' don't match your environment
Ignoring pyarrow: markers 'extra == "all"' don't match your environment
Ignoring pyarrow: markers 'extra == "arrow"' don't match your environment
Ignoring pytest: markers 'extra == "dev"' don't match your environment
Ignoring pytest-timeout: markers 'extra == "dev"' don't match your environment
Ignoring pandas: markers 'extra == "pandas"' don't match your environment
Ignoring pyarrow: markers 'extra == "pandas"' don't match your environment
Ignoring polars: markers 'extra == "polars"' don't match your environment
Ignoring pyarrow: markers 'extra == "polars"' don't match your environment
   Compiling pyo3-ffi v0.29.0
   Compiling pyo3 v0.29.0
   Compiling pyo3-async-runtimes v0.29.0
   Compiling thetadatadx-py v0.2.0 (/home/theta-gamma/thetadx/thetadatadx-py)
    Finished `release` profile [optimized] target(s) in 1m 37s
📦 Built wheel for abi3 Python ≥ 3.12 to /tmp/.tmpMNc50z/thetadatadx_py-0.2.0-cp312-abi3-linux_x86_64.whl
✏️ Setting installed package as editable
🛠 Installed thetadatadx-py-0.2.0
